
> dashboard-monitoring-iot@0.1.0 build
> next build

node.exe : ΓÜá Warning: Next.js inferred your workspace root, but it may not be correct.
At C:\Program Files\nodejs\npm.ps1:29 char:3
+   & $NODE_EXE $NPM_CLI_JS $args
+   ~~~~~~~~~~~~~~~~~~~~~~~~~~~~~
    + CategoryInfo          : NotSpecified: (ΓÜá Warning: Ne...not be correct.:String) [], RemoteExc 
   eption
    + FullyQualifiedErrorId : NativeCommandError
 
 We detected multiple lockfiles and selected the directory of C:\Users\ASUS\package-lock.json as the 
root directory.
 To silence this warning, set `turbopack.root` in your Next.js config, or consider removing one of 
the lockfiles if it's not needed.
   See https://nextjs.org/docs/app/api-reference/config/next-config-js/turbopack#root-directory for 
more information.
 Detected additional lockfiles: 
   * C:\Users\ASUS\Documents\Belajar\Web-IoT-Monitoring-pH-dan-Ketinggian-Air\package-lock.json

Γû▓ Next.js 16.1.3 (Turbopack)
- Environments: .env.local, .env

  Creating an optimized production build ...
Γ£ô Compiled successfully in 4.7s
  Running TypeScript ...
Failed to compile.

./components/ui/calendar.tsx:63:9
Type error: Object literal may only specify known properties, and 'IconLeft' does not exist in type 
'Partial<CustomComponents>'.

[0m [90m 61 |[39m       }}
 [90m 62 |[39m       components[33m=[39m{{
[31m[1m>[22m[39m[90m 63 |[39m         [33mIconLeft[39m[33m:[39m ({ className[33m,[39m 
[33m...[39mprops }) [33m=>[39m (
 [90m    |[39m         [31m[1m^[22m[39m
 [90m 64 |[39m           [33m<[39m[33mChevronLeft[39m 
className[33m=[39m{cn([32m"size-4"[39m[33m,[39m className)} {[33m...[39mprops} 
[33m/[39m[33m>[39m
 [90m 65 |[39m         )[33m,[39m
 [90m 66 |[39m         [33mIconRight[39m[33m:[39m ({ className[33m,[39m [33m...[39mprops 
}) [33m=>[39m ([0m
Next.js build worker exited with code: 1 and signal: null
